// Jest Snapshot v1, https://goo.gl/fbAQLP

exports[`AlbumList snapshot AlbumList component 1`] = `undefined`;
